MSBuild version 18.4.0+6e61e96ac for .NET Framework

  semver.vcxproj -> C:\Users\3ricj\.openvibely\repos\288e09695603e28b9fc187875ade9fdf\buildfs\lib\Release\semver.lib
  qoi.vcxproj -> C:\Users\3ricj\.openvibely\repos\288e09695603e28b9fc187875ade9fdf\buildfs\deps_src\qoi\Release\qoi.lib
  Clipper2.vcxproj -> C:\Users\3ricj\.openvibely\repos\288e09695603e28b9fc187875ade9fdf\buildfs\deps_src\clipper2\Release\Clipper2.lib
  mcut.vcxproj -> C:\Users\3ricj\.openvibely\repos\288e09695603e28b9fc187875ade9fdf\buildfs\deps_src\mcut\Release\mcut.lib
  miniz_static.vcxproj -> C:\Users\3ricj\.openvibely\repos\288e09695603e28b9fc187875ade9fdf\buildfs\deps_src\miniz\Release\miniz_static.lib
  clipper.vcxproj -> C:\Users\3ricj\.openvibely\repos\288e09695603e28b9fc187875ade9fdf\buildfs\deps_src\clipper\Release\clipper.lib
  glu-libtess.vcxproj -> C:\Users\3ricj\.openvibely\repos\288e09695603e28b9fc187875ade9fdf\buildfs\deps_src\glu-libtess\Release\glu-libtess.lib
  qhullstatic.vcxproj -> C:\Users\3ricj\.openvibely\repos\288e09695603e28b9fc187875ade9fdf\buildfs\deps_src\qhull\Release\qhullstatic.lib
  admesh.vcxproj -> C:\Users\3ricj\.openvibely\repos\288e09695603e28b9fc187875ade9fdf\buildfs\deps_src\admesh\Release\admesh.lib
  Catch2.vcxproj -> C:\Users\3ricj\.openvibely\repos\288e09695603e28b9fc187875ade9fdf\buildfs\tests\catch2\src\Release\Catch2.lib
  Catch2WithMain.vcxproj -> C:\Users\3ricj\.openvibely\repos\288e09695603e28b9fc187875ade9fdf\buildfs\tests\catch2\src\Release\Catch2Main.lib
  libslic3r_cgal.vcxproj -> C:\Users\3ricj\.openvibely\repos\288e09695603e28b9fc187875ade9fdf\buildfs\src\libslic3r\Release\libslic3r_cgal.lib
  libslic3r.vcxproj -> C:\Users\3ricj\.openvibely\repos\288e09695603e28b9fc187875ade9fdf\buildfs\src\libslic3r\Release\libslic3r.lib
  libnest2d.vcxproj -> C:\Users\3ricj\.openvibely\repos\288e09695603e28b9fc187875ade9fdf\buildfs\deps_src\libnest2d\Release\libnest2d.lib
cl : command line  warning D9025: overriding '/W1' with '/w' [C:\Users\3ricj\.openvibely\repos\288e09695603e28b9fc187875ade9fdf\buildfs\tests\libslic3r\libslic3r_tests.vcxproj]
  test_fiber_mode_plan.cpp
     Creating library C:/Users/3ricj/.openvibely/repos/288e09695603e28b9fc187875ade9fdf/buildfs/tests/libslic3r/Release/libslic3r_tests.lib and object C:/Users/3ricj/.openvibely/repos/288e09695603e28b9fc187875ade9fdf/buildfs/tests/libslic3r/Release/libslic3r_tests.exp
LINK : warning LNK4098: defaultlib 'LIBCMT' conflicts with use of other libs; use /NODEFAULTLIB:library [C:\Users\3ricj\.openvibely\repos\288e09695603e28b9fc187875ade9fdf\buildfs\tests\libslic3r\libslic3r_tests.vcxproj]
  LINK : /LTCG specified but no code generation required; remove /LTCG from the link command line to improve linker performance
  libslic3r_tests.vcxproj -> C:\Users\3ricj\.openvibely\repos\288e09695603e28b9fc187875ade9fdf\buildfs\tests\libslic3r\Release\libslic3r_tests.exe
MINE2_RC=0
MSBuild version 18.4.0+6e61e96ac for .NET Framework

  qoi.vcxproj -> C:\Users\3ricj\.openvibely\repos\288e09695603e28b9fc187875ade9fdf\buildfs\deps_src\qoi\Release\qoi.lib
  Clipper2.vcxproj -> C:\Users\3ricj\.openvibely\repos\288e09695603e28b9fc187875ade9fdf\buildfs\deps_src\clipper2\Release\Clipper2.lib
  semver.vcxproj -> C:\Users\3ricj\.openvibely\repos\288e09695603e28b9fc187875ade9fdf\buildfs\lib\Release\semver.lib
  miniz_static.vcxproj -> C:\Users\3ricj\.openvibely\repos\288e09695603e28b9fc187875ade9fdf\buildfs\deps_src\miniz\Release\miniz_static.lib
  clipper.vcxproj -> C:\Users\3ricj\.openvibely\repos\288e09695603e28b9fc187875ade9fdf\buildfs\deps_src\clipper\Release\clipper.lib
  glu-libtess.vcxproj -> C:\Users\3ricj\.openvibely\repos\288e09695603e28b9fc187875ade9fdf\buildfs\deps_src\glu-libtess\Release\glu-libtess.lib
  mcut.vcxproj -> C:\Users\3ricj\.openvibely\repos\288e09695603e28b9fc187875ade9fdf\buildfs\deps_src\mcut\Release\mcut.lib
  qhullstatic.vcxproj -> C:\Users\3ricj\.openvibely\repos\288e09695603e28b9fc187875ade9fdf\buildfs\deps_src\qhull\Release\qhullstatic.lib
  admesh.vcxproj -> C:\Users\3ricj\.openvibely\repos\288e09695603e28b9fc187875ade9fdf\buildfs\deps_src\admesh\Release\admesh.lib
  Catch2.vcxproj -> C:\Users\3ricj\.openvibely\repos\288e09695603e28b9fc187875ade9fdf\buildfs\tests\catch2\src\Release\Catch2.lib
  Catch2WithMain.vcxproj -> C:\Users\3ricj\.openvibely\repos\288e09695603e28b9fc187875ade9fdf\buildfs\tests\catch2\src\Release\Catch2Main.lib
  libslic3r_cgal.vcxproj -> C:\Users\3ricj\.openvibely\repos\288e09695603e28b9fc187875ade9fdf\buildfs\src\libslic3r\Release\libslic3r_cgal.lib
  libslic3r.vcxproj -> C:\Users\3ricj\.openvibely\repos\288e09695603e28b9fc187875ade9fdf\buildfs\src\libslic3r\Release\libslic3r.lib
  libnest2d.vcxproj -> C:\Users\3ricj\.openvibely\repos\288e09695603e28b9fc187875ade9fdf\buildfs\deps_src\libnest2d\Release\libnest2d.lib
  libslic3r_tests.vcxproj -> C:\Users\3ricj\.openvibely\repos\288e09695603e28b9fc187875ade9fdf\buildfs\tests\libslic3r\Release\libslic3r_tests.exe
MINE_RC=0
