MSBuild version 18.4.0+6e61e96ac for .NET Framework

  1>Checking Build System
  semver.c
  qoilib.c
  clipper_z.cpp
  mcut.cpp
  kernel.cpp
  miniz.c
  hmesh.cpp
  math.cpp
  bvh.cpp
  frontend.cpp
  preproc.cpp
  global_r.c
  stat_r.c
  clipper.engine.cpp
  clipper.offset.cpp
  geom2_r.c
  clipper.rectclip.cpp
  clipper2_z.cpp
  poly2_r.c
  merge_r.c
  libqhull_r.c
  dict.c
  geom_r.c
  geom.c
  memalloc.c
  mesh.c
  poly_r.c
  qset_r.c
  normal.c
  mem_r.c
  priorityq.c
  random_r.c
  usermem_r.c
  io_r.c
  user_r.c
  render.c
  rboxlib_r.c
  sweep.c
  tess.c
  tessmono.c
  connect.cpp
  normals.cpp
  shared.cpp
  stl_io.cpp
  stlinit.cpp
  util.cpp
  catch_chronometer.cpp
  catch_analyse.cpp
  catch_benchmark_function.cpp
  catch_run_for_at_least.cpp
  catch_stats.cpp
  catch_generator_exception.cpp
  catch_generators.cpp
  catch_generators_random.cpp
  catch_reporter_automake.cpp
  catch_reporter_common_base.cpp
  catch_reporter_compact.cpp
  catch_reporter_console.cpp
  catch_reporter_cumulative_base.cpp
  catch_reporter_event_listener.cpp
  catch_reporter_helpers.cpp
  catch_reporter_json.cpp
  catch_reporter_junit.cpp
  catch_reporter_multi.cpp
  catch_reporter_registrars.cpp
  catch_reporter_sonarqube.cpp
  catch_reporter_streaming_base.cpp
  catch_reporter_tap.cpp
  catch_reporter_teamcity.cpp
  catch_reporter_xml.cpp
  catch_interfaces_capture.cpp
  catch_interfaces_config.cpp
  catch_interfaces_exception.cpp
  catch_interfaces_generatortracker.cpp
  catch_interfaces_registry_hub.cpp
  catch_interfaces_reporter.cpp
  catch_interfaces_reporter_factory.cpp
  catch_interfaces_testcase.cpp
  catch_approx.cpp
  catch_assertion_result.cpp
  catch_config.cpp
  catch_get_random_seed.cpp
  catch_message.cpp
  catch_registry_hub.cpp
  catch_session.cpp
  catch_tag_alias_autoregistrar.cpp
  catch_test_case_info.cpp
  catch_test_spec.cpp
  catch_timer.cpp
  catch_tostring.cpp
  catch_totals.cpp
  catch_translate_exception.cpp
  catch_version.cpp
  catch_assertion_handler.cpp
  catch_case_insensitive_comparisons.cpp
  catch_clara.cpp
  catch_commandline.cpp
  catch_console_colour.cpp
  catch_context.cpp
  catch_debug_console.cpp
  catch_debugger.cpp
  catch_decomposer.cpp
  catch_enforce.cpp
  catch_enum_values_registry.cpp
  catch_errno_guard.cpp
  catch_exception_translator_registry.cpp
  catch_fatal_condition_handler.cpp
  catch_floating_point_helpers.cpp
  catch_getenv.cpp
  catch_istream.cpp
  qoi.vcxproj -> C:\Users\3ricj\.openvibely\repos\288e09695603e28b9fc187875ade9fdf\buildfs\deps_src\qoi\Release\qoi.lib
  semver.vcxproj -> C:\Users\3ricj\.openvibely\repos\288e09695603e28b9fc187875ade9fdf\buildfs\lib\Release\semver.lib
  catch_jsonwriter.cpp
  catch_lazy_expr.cpp
  catch_leak_detector.cpp
  catch_list.cpp
  catch_message_info.cpp
  catch_output_redirect.cpp
  catch_parse_numbers.cpp
  catch_polyfills.cpp
  catch_random_number_generator.cpp
  catch_random_seed_generation.cpp
  catch_reporter_registry.cpp
  catch_reporter_spec_parser.cpp
  catch_reusable_string_stream.cpp
  Coordinates.cpp
  PointCoordinates.cpp
  Qhull.cpp
  QhullFacet.cpp
  QhullFacetList.cpp
  QhullFacetSet.cpp
  QhullHyperplane.cpp
  QhullPoint.cpp
  QhullPointSet.cpp
  QhullPoints.cpp
  QhullQh.cpp
  QhullRidge.cpp
  QhullSet.cpp
  QhullStat.cpp
  catch_run_context.cpp
  catch_section.cpp
  catch_singletons.cpp
  catch_source_line_info.cpp
  QhullVertex.cpp
  catch_startup_exception_registry.cpp
  catch_stdstreams.cpp
  catch_string_manip.cpp
  catch_stringref.cpp
  catch_tag_alias_registry.cpp
  QhullVertexSet.cpp
  RboxPoints.cpp
  catch_test_case_info_hasher.cpp
  catch_test_case_registry_impl.cpp
  catch_test_case_tracker.cpp
  catch_test_failure_exception.cpp
  catch_test_registry.cpp
  catch_test_spec_parser.cpp
  catch_textflow.cpp
  catch_uncaught_exceptions.cpp
  catch_wildcard_pattern.cpp
  RoadError.cpp
  catch_xmlwriter.cpp
  catch_matchers.cpp
  catch_matchers_container_properties.cpp
  catch_matchers_exception.cpp
  catch_matchers_floating_point.cpp
  catch_matchers_predicate.cpp
  RoadLogEvent.cpp
  catch_matchers_quantifiers.cpp
  catch_matchers_string.cpp
  catch_matchers_templated.cpp
  catch_matchers_impl.cpp
  glu-libtess.vcxproj -> C:\Users\3ricj\.openvibely\repos\288e09695603e28b9fc187875ade9fdf\buildfs\deps_src\glu-libtess\Release\glu-libtess.lib
  miniz_static.vcxproj -> C:\Users\3ricj\.openvibely\repos\288e09695603e28b9fc187875ade9fdf\buildfs\deps_src\miniz\Release\miniz_static.lib
  Clipper2.vcxproj -> C:\Users\3ricj\.openvibely\repos\288e09695603e28b9fc187875ade9fdf\buildfs\deps_src\clipper2\Release\Clipper2.lib
  qhullstatic.vcxproj -> C:\Users\3ricj\.openvibely\repos\288e09695603e28b9fc187875ade9fdf\buildfs\deps_src\qhull\Release\qhullstatic.lib
  clipper.vcxproj -> C:\Users\3ricj\.openvibely\repos\288e09695603e28b9fc187875ade9fdf\buildfs\deps_src\clipper\Release\clipper.lib
  Catch2.vcxproj -> C:\Users\3ricj\.openvibely\repos\288e09695603e28b9fc187875ade9fdf\buildfs\tests\catch2\src\Release\Catch2.lib
  catch_main.cpp
  admesh.vcxproj -> C:\Users\3ricj\.openvibely\repos\288e09695603e28b9fc187875ade9fdf\buildfs\deps_src\admesh\Release\admesh.lib
  Catch2WithMain.vcxproj -> C:\Users\3ricj\.openvibely\repos\288e09695603e28b9fc187875ade9fdf\buildfs\tests\catch2\src\Release\Catch2Main.lib
  shewchuk.c
  mcut.vcxproj -> C:\Users\3ricj\.openvibely\repos\288e09695603e28b9fc187875ade9fdf\buildfs\deps_src\mcut\Release\mcut.lib
  Building Custom Rule C:/Users/3ricj/.openvibely/repos/288e09695603e28b9fc187875ade9fdf/src/libslic3r/CMakeLists.txt
cl : command line  warning D9025: overriding '/W1' with '/w' [C:\Users\3ricj\.openvibely\repos\288e09695603e28b9fc187875ade9fdf\buildfs\src\libslic3r\libslic3r_cgal.vcxproj]
cl : command line  warning D9025: overriding '/W1' with '/w' [C:\Users\3ricj\.openvibely\repos\288e09695603e28b9fc187875ade9fdf\buildfs\src\libslic3r\libslic3r_cgal.vcxproj]
  CutSurface.cpp
cl : command line  warning D9025: overriding '/W1' with '/w' [C:\Users\3ricj\.openvibely\repos\288e09695603e28b9fc187875ade9fdf\buildfs\src\libslic3r\libslic3r_cgal.vcxproj]
  IntersectionPoints.cpp
cl : command line  warning D9025: overriding '/W1' with '/w' [C:\Users\3ricj\.openvibely\repos\288e09695603e28b9fc187875ade9fdf\buildfs\src\libslic3r\libslic3r_cgal.vcxproj]
cl : command line  warning D9025: overriding '/W1' with '/w' [C:\Users\3ricj\.openvibely\repos\288e09695603e28b9fc187875ade9fdf\buildfs\src\libslic3r\libslic3r_cgal.vcxproj]
  MeshBoolean.cpp
cl : command line  warning D9025: overriding '/W1' with '/w' [C:\Users\3ricj\.openvibely\repos\288e09695603e28b9fc187875ade9fdf\buildfs\src\libslic3r\libslic3r_cgal.vcxproj]
  TryCatchSignal.cpp
  Triangulation.cpp
  libslic3r_cgal.vcxproj -> C:\Users\3ricj\.openvibely\repos\288e09695603e28b9fc187875ade9fdf\buildfs\src\libslic3r\Release\libslic3r_cgal.lib
  Building Custom Rule C:/Users/3ricj/.openvibely/repos/288e09695603e28b9fc187875ade9fdf/src/libslic3r/CMakeLists.txt
cl : command line  warning D9025: overriding '/W1' with '/w' [C:\Users\3ricj\.openvibely\repos\288e09695603e28b9fc187875ade9fdf\buildfs\src\libslic3r\libslic3r.vcxproj]
  cmake_pch.cxx
cl : command line  warning D9025: overriding '/W1' with '/w' [C:\Users\3ricj\.openvibely\repos\288e09695603e28b9fc187875ade9fdf\buildfs\src\libslic3r\libslic3r.vcxproj]
cl : command line  warning D9025: overriding '/W1' with '/w' [C:\Users\3ricj\.openvibely\repos\288e09695603e28b9fc187875ade9fdf\buildfs\src\libslic3r\libslic3r.vcxproj]
cl : command line  warning D9025: overriding '/W1' with '/w' [C:\Users\3ricj\.openvibely\repos\288e09695603e28b9fc187875ade9fdf\buildfs\src\libslic3r\libslic3r.vcxproj]
  AABBMesh.cpp
  LineSplit.cpp
cl : command line  warning D9025: overriding '/W1' with '/w' [C:\Users\3ricj\.openvibely\repos\288e09695603e28b9fc187875ade9fdf\buildfs\src\libslic3r\libslic3r.vcxproj]
cl : command line  warning D9025: overriding '/W1' with '/w' [C:\Users\3ricj\.openvibely\repos\288e09695603e28b9fc187875ade9fdf\buildfs\src\libslic3r\libslic3r.vcxproj]
cl : command line  warning D9025: overriding '/W1' with '/w' [C:\Users\3ricj\.openvibely\repos\288e09695603e28b9fc187875ade9fdf\buildfs\src\libslic3r\libslic3r.vcxproj]
cl : command line  warning D9025: overriding '/W1' with '/w' [C:\Users\3ricj\.openvibely\repos\288e09695603e28b9fc187875ade9fdf\buildfs\src\libslic3r\libslic3r.vcxproj]
cl : command line  warning D9025: overriding '/W1' with '/w' [C:\Users\3ricj\.openvibely\repos\288e09695603e28b9fc187875ade9fdf\buildfs\src\libslic3r\libslic3r.vcxproj]
cl : command line  warning D9025: overriding '/W1' with '/w' [C:\Users\3ricj\.openvibely\repos\288e09695603e28b9fc187875ade9fdf\buildfs\src\libslic3r\libslic3r.vcxproj]
cl : command line  warning D9025: overriding '/W1' with '/w' [C:\Users\3ricj\.openvibely\repos\288e09695603e28b9fc187875ade9fdf\buildfs\src\libslic3r\libslic3r.vcxproj]
  RegionExpansion.cpp
cl : command line  warning D9025: overriding '/W1' with '/w' [C:\Users\3ricj\.openvibely\repos\288e09695603e28b9fc187875ade9fdf\buildfs\src\libslic3r\libslic3r.vcxproj]
  AppConfig.cpp
  BeadingStrategy.cpp
  BeadingStrategyFactory.cpp
  DistributedBeadingStrategy.cpp
  LimitedBeadingStrategy.cpp
  OuterWallInsetBeadingStrategy.cpp
cl : command line  warning D9025: overriding '/W1' with '/w' [C:\Users\3ricj\.openvibely\repos\288e09695603e28b9fc187875ade9fdf\buildfs\src\libslic3r\libslic3r.vcxproj]
  RedistributeBeadingStrategy.cpp
cl : command line  warning D9025: overriding '/W1' with '/w' [C:\Users\3ricj\.openvibely\repos\288e09695603e28b9fc187875ade9fdf\buildfs\src\libslic3r\libslic3r.vcxproj]
cl : command line  warning D9025: overriding '/W1' with '/w' [C:\Users\3ricj\.openvibely\repos\288e09695603e28b9fc187875ade9fdf\buildfs\src\libslic3r\libslic3r.vcxproj]
cl : command line  warning D9025: overriding '/W1' with '/w' [C:\Users\3ricj\.openvibely\repos\288e09695603e28b9fc187875ade9fdf\buildfs\src\libslic3r\libslic3r.vcxproj]
cl : command line  warning D9025: overriding '/W1' with '/w' [C:\Users\3ricj\.openvibely\repos\288e09695603e28b9fc187875ade9fdf\buildfs\src\libslic3r\libslic3r.vcxproj]
cl : command line  warning D9025: overriding '/W1' with '/w' [C:\Users\3ricj\.openvibely\repos\288e09695603e28b9fc187875ade9fdf\buildfs\src\libslic3r\libslic3r.vcxproj]
cl : command line  warning D9025: overriding '/W1' with '/w' [C:\Users\3ricj\.openvibely\repos\288e09695603e28b9fc187875ade9fdf\buildfs\src\libslic3r\libslic3r.vcxproj]
cl : command line  warning D9025: overriding '/W1' with '/w' [C:\Users\3ricj\.openvibely\repos\288e09695603e28b9fc187875ade9fdf\buildfs\src\libslic3r\libslic3r.vcxproj]
cl : command line  warning D9025: overriding '/W1' with '/w' [C:\Users\3ricj\.openvibely\repos\288e09695603e28b9fc187875ade9fdf\buildfs\src\libslic3r\libslic3r.vcxproj]
cl : command line  warning D9025: overriding '/W1' with '/w' [C:\Users\3ricj\.openvibely\repos\288e09695603e28b9fc187875ade9fdf\buildfs\src\libslic3r\libslic3r.vcxproj]
cl : command line  warning D9025: overriding '/W1' with '/w' [C:\Users\3ricj\.openvibely\repos\288e09695603e28b9fc187875ade9fdf\buildfs\src\libslic3r\libslic3r.vcxproj]
cl : command line  warning D9025: overriding '/W1' with '/w' [C:\Users\3ricj\.openvibely\repos\288e09695603e28b9fc187875ade9fdf\buildfs\src\libslic3r\libslic3r.vcxproj]
cl : command line  warning D9025: overriding '/W1' with '/w' [C:\Users\3ricj\.openvibely\repos\288e09695603e28b9fc187875ade9fdf\buildfs\src\libslic3r\libslic3r.vcxproj]
cl : command line  warning D9025: overriding '/W1' with '/w' [C:\Users\3ricj\.openvibely\repos\288e09695603e28b9fc187875ade9fdf\buildfs\src\libslic3r\libslic3r.vcxproj]
cl : command line  warning D9025: overriding '/W1' with '/w' [C:\Users\3ricj\.openvibely\repos\288e09695603e28b9fc187875ade9fdf\buildfs\src\libslic3r\libslic3r.vcxproj]
cl : command line  warning D9025: overriding '/W1' with '/w' [C:\Users\3ricj\.openvibely\repos\288e09695603e28b9fc187875ade9fdf\buildfs\src\libslic3r\libslic3r.vcxproj]
cl : command line  warning D9025: overriding '/W1' with '/w' [C:\Users\3ricj\.openvibely\repos\288e09695603e28b9fc187875ade9fdf\buildfs\src\libslic3r\libslic3r.vcxproj]
  WideningBeadingStrategy.cpp
cl : command line  warning D9025: overriding '/W1' with '/w' [C:\Users\3ricj\.openvibely\repos\288e09695603e28b9fc187875ade9fdf\buildfs\src\libslic3r\libslic3r.vcxproj]
  SkeletalTrapezoidation.cpp
  SkeletalTrapezoidationGraph.cpp
  ExtrusionLine.cpp
  PolylineStitcher.cpp
  SquareGrid.cpp
  WallToolPaths.cpp
cl : command line  warning D9025: overriding '/W1' with '/w' [C:\Users\3ricj\.openvibely\repos\288e09695603e28b9fc187875ade9fdf\buildfs\src\libslic3r\libslic3r.vcxproj]
  ArcFitter.cpp
cl : command line  warning D9025: overriding '/W1' with '/w' [C:\Users\3ricj\.openvibely\repos\288e09695603e28b9fc187875ade9fdf\buildfs\src\libslic3r\libslic3r.vcxproj]
  Arrange.cpp
cl : command line  warning D9025: overriding '/W1' with '/w' [C:\Users\3ricj\.openvibely\repos\288e09695603e28b9fc187875ade9fdf\buildfs\src\libslic3r\libslic3r.vcxproj]
  BlacklistedLibraryCheck.cpp
  BoundingBox.cpp
cl : command line  warning D9025: overriding '/W1' with '/w' [C:\Users\3ricj\.openvibely\repos\288e09695603e28b9fc187875ade9fdf\buildfs\src\libslic3r\libslic3r.vcxproj]
cl : command line  warning D9025: overriding '/W1' with '/w' [C:\Users\3ricj\.openvibely\repos\288e09695603e28b9fc187875ade9fdf\buildfs\src\libslic3r\libslic3r.vcxproj]
  BridgeDetector.cpp
cl : command line  warning D9025: overriding '/W1' with '/w' [C:\Users\3ricj\.openvibely\repos\288e09695603e28b9fc187875ade9fdf\buildfs\src\libslic3r\libslic3r.vcxproj]
cl : command line  warning D9025: overriding '/W1' with '/w' [C:\Users\3ricj\.openvibely\repos\288e09695603e28b9fc187875ade9fdf\buildfs\src\libslic3r\libslic3r.vcxproj]
  Brim.cpp
cl : command line  warning D9025: overriding '/W1' with '/w' [C:\Users\3ricj\.openvibely\repos\288e09695603e28b9fc187875ade9fdf\buildfs\src\libslic3r\libslic3r.vcxproj]
cl : command line  warning D9025: overriding '/W1' with '/w' [C:\Users\3ricj\.openvibely\repos\288e09695603e28b9fc187875ade9fdf\buildfs\src\libslic3r\libslic3r.vcxproj]
  BuildVolume.cpp
cl : command line  warning D9025: overriding '/W1' with '/w' [C:\Users\3ricj\.openvibely\repos\288e09695603e28b9fc187875ade9fdf\buildfs\src\libslic3r\libslic3r.vcxproj]
cl : command line  warning D9025: overriding '/W1' with '/w' [C:\Users\3ricj\.openvibely\repos\288e09695603e28b9fc187875ade9fdf\buildfs\src\libslic3r\libslic3r.vcxproj]
  calib.cpp
cl : command line  warning D9025: overriding '/W1' with '/w' [C:\Users\3ricj\.openvibely\repos\288e09695603e28b9fc187875ade9fdf\buildfs\src\libslic3r\libslic3r.vcxproj]
cl : command line  warning D9025: overriding '/W1' with '/w' [C:\Users\3ricj\.openvibely\repos\288e09695603e28b9fc187875ade9fdf\buildfs\src\libslic3r\libslic3r.vcxproj]
  clipper.cpp
  ClipperUtils.cpp
cl : command line  warning D9025: overriding '/W1' with '/w' [C:\Users\3ricj\.openvibely\repos\288e09695603e28b9fc187875ade9fdf\buildfs\src\libslic3r\libslic3r.vcxproj]
cl : command line  warning D9025: overriding '/W1' with '/w' [C:\Users\3ricj\.openvibely\repos\288e09695603e28b9fc187875ade9fdf\buildfs\src\libslic3r\libslic3r.vcxproj]
cl : command line  warning D9025: overriding '/W1' with '/w' [C:\Users\3ricj\.openvibely\repos\288e09695603e28b9fc187875ade9fdf\buildfs\src\libslic3r\libslic3r.vcxproj]
cl : command line  warning D9025: overriding '/W1' with '/w' [C:\Users\3ricj\.openvibely\repos\288e09695603e28b9fc187875ade9fdf\buildfs\src\libslic3r\libslic3r.vcxproj]
cl : command line  warning D9025: overriding '/W1' with '/w' [C:\Users\3ricj\.openvibely\repos\288e09695603e28b9fc187875ade9fdf\buildfs\src\libslic3r\libslic3r.vcxproj]
cl : command line  warning D9025: overriding '/W1' with '/w' [C:\Users\3ricj\.openvibely\repos\288e09695603e28b9fc187875ade9fdf\buildfs\src\libslic3r\libslic3r.vcxproj]
cl : command line  warning D9025: overriding '/W1' with '/w' [C:\Users\3ricj\.openvibely\repos\288e09695603e28b9fc187875ade9fdf\buildfs\src\libslic3r\libslic3r.vcxproj]
cl : command line  warning D9025: overriding '/W1' with '/w' [C:\Users\3ricj\.openvibely\repos\288e09695603e28b9fc187875ade9fdf\buildfs\src\libslic3r\libslic3r.vcxproj]
cl : command line  warning D9025: overriding '/W1' with '/w' [C:\Users\3ricj\.openvibely\repos\288e09695603e28b9fc187875ade9fdf\buildfs\src\libslic3r\libslic3r.vcxproj]
cl : command line  warning D9025: overriding '/W1' with '/w' [C:\Users\3ricj\.openvibely\repos\288e09695603e28b9fc187875ade9fdf\buildfs\src\libslic3r\libslic3r.vcxproj]
  Clipper2Utils.cpp
cl : command line  warning D9025: overriding '/W1' with '/w' [C:\Users\3ricj\.openvibely\repos\288e09695603e28b9fc187875ade9fdf\buildfs\src\libslic3r\libslic3r.vcxproj]
cl : command line  warning D9025: overriding '/W1' with '/w' [C:\Users\3ricj\.openvibely\repos\288e09695603e28b9fc187875ade9fdf\buildfs\src\libslic3r\libslic3r.vcxproj]
cl : command line  warning D9025: overriding '/W1' with '/w' [C:\Users\3ricj\.openvibely\repos\288e09695603e28b9fc187875ade9fdf\buildfs\src\libslic3r\libslic3r.vcxproj]
cl : command line  warning D9025: overriding '/W1' with '/w' [C:\Users\3ricj\.openvibely\repos\288e09695603e28b9fc187875ade9fdf\buildfs\src\libslic3r\libslic3r.vcxproj]
cl : command line  warning D9025: overriding '/W1' with '/w' [C:\Users\3ricj\.openvibely\repos\288e09695603e28b9fc187875ade9fdf\buildfs\src\libslic3r\libslic3r.vcxproj]
cl : command line  warning D9025: overriding '/W1' with '/w' [C:\Users\3ricj\.openvibely\repos\288e09695603e28b9fc187875ade9fdf\buildfs\src\libslic3r\libslic3r.vcxproj]
cl : command line  warning D9025: overriding '/W1' with '/w' [C:\Users\3ricj\.openvibely\repos\288e09695603e28b9fc187875ade9fdf\buildfs\src\libslic3r\libslic3r.vcxproj]
cl : command line  warning D9025: overriding '/W1' with '/w' [C:\Users\3ricj\.openvibely\repos\288e09695603e28b9fc187875ade9fdf\buildfs\src\libslic3r\libslic3r.vcxproj]
cl : command line  warning D9025: overriding '/W1' with '/w' [C:\Users\3ricj\.openvibely\repos\288e09695603e28b9fc187875ade9fdf\buildfs\src\libslic3r\libslic3r.vcxproj]
cl : command line  warning D9025: overriding '/W1' with '/w' [C:\Users\3ricj\.openvibely\repos\288e09695603e28b9fc187875ade9fdf\buildfs\src\libslic3r\libslic3r.vcxproj]
cl : command line  warning D9025: overriding '/W1' with '/w' [C:\Users\3ricj\.openvibely\repos\288e09695603e28b9fc187875ade9fdf\buildfs\src\libslic3r\libslic3r.vcxproj]
cl : command line  warning D9025: overriding '/W1' with '/w' [C:\Users\3ricj\.openvibely\repos\288e09695603e28b9fc187875ade9fdf\buildfs\src\libslic3r\libslic3r.vcxproj]
cl : command line  warning D9025: overriding '/W1' with '/w' [C:\Users\3ricj\.openvibely\repos\288e09695603e28b9fc187875ade9fdf\buildfs\src\libslic3r\libslic3r.vcxproj]
  Color.cpp
  Config.cpp
  ContourZ.cpp
  CustomGCode.cpp
  CutUtils.cpp
  EdgeGrid.cpp
  ElephantFootCompensation.cpp
  Emboss.cpp
  FiberEmitter.cpp
  FiberReserve.cpp
  FiberRun.cpp
  FiberModePlan.cpp
  FiberStrand.cpp
  FiberStrandPlanner.cpp
  FiberToolChange.cpp
  ExPolygon.cpp
  ExPolygonsIndex.cpp
  Extruder.cpp
  ExtrusionEntityCollection.cpp
  ExtrusionEntity.cpp
  ExtrusionSimulator.cpp
  FaceDetector.cpp
  FuzzySkin.cpp
  InterlockingGenerator.cpp
  VoxelUtils.cpp
  Fill3DHoneycomb.cpp
  FillAdaptive.cpp
  FillBase.cpp
  FillConcentric.cpp
  FillSpiralInset.cpp
  FillConcentricInternal.cpp
  FillCornerSmoothing.cpp
  Fill.cpp
  FillCrossHatch.cpp
  FillGyroid.cpp
  FillHoneycomb.cpp
  FillLightning.cpp
  FillLine.cpp
  FillPlanePath.cpp
  FillRectilinear.cpp
  FillTpmsD.cpp
  FillTpmsFK.cpp
  DistanceField.cpp
  Generator.cpp
  TreeNode.cpp
  FilamentMixer.cpp
  ColorDecomposeRecipe.cpp
  TexturePainting.cpp
  TextureToColor.cpp
  ColorUtils.cpp
  Flow.cpp
  FlushVolCalc.cpp
  3mf.cpp
  AMF.cpp
  DRC.cpp
  bbs_3mf.cpp
  OBJ.cpp
  AssimpImport.cpp
  objparser.cpp
  SL1.cpp
  STEP.cpp
  STL.cpp
  ZipperArchiveImport.cpp
  AdaptivePAInterpolator.cpp
  AdaptivePAProcessor.cpp
  AvoidCrossingPerimeters.cpp
  ConflictChecker.cpp
  CoolingBuffer.cpp
  TimelapsePosPicker.cpp
  GCode.cpp
  FanMover.cpp
  GCodeProcessor.cpp
  ElegooGCodeProcessorHelper.cpp
  PchipInterpolatorHelper.cpp
  PressureEqualizer.cpp
  PrintExtents.cpp
  GCodeReader.cpp
  RetractWhenCrossingPerimeters.cpp
  SeamPlacer.cpp
  PreciseSeam.cpp
  SmallAreaInfillFlowCompensator.cpp
  SpiralVase.cpp
  WipePathHelpers.cpp
  ThumbnailData.cpp
  Thumbnails.cpp
  ToolOrdering.cpp
  OrderingStrategies.cpp
  WipeTower2.cpp
  WipeTower.cpp
  WipeTowerEstimate.cpp
  GCodeWriter.cpp
  ArcWelder.cpp
  ConvexHull.cpp
  Geometry.cpp
  MedialAxis.cpp
  Voronoi.cpp
  VoronoiOffset.cpp
  VoronoiUtilsCgal.cpp
  VoronoiUtils.cpp
  LayerRegion.cpp
  LayOnFace.cpp
  libslic3r.cpp
  Line.cpp
  LocalesUtils.cpp
  Measure.cpp
  MinAreaBoundingBox.cpp
  MinimumSpanningTree.cpp
  miniz_extension.cpp
  ModelArrange.cpp
  Model.cpp
  MultiMaterialSegmentation.cpp
  MultiPoint.cpp
  MutablePolygon.cpp
  NormalUtils.cpp
  NSVGUtils.cpp
  ObjColorUtils.cpp
  ObjectID.cpp
  Orient.cpp
  ParameterUtils.cpp
  pchheader.cpp
  PerimeterGenerator.cpp
  PlaceholderParser.cpp
  Platform.cpp
  PNGReadWrite.cpp
  Point.cpp
  Polygon.cpp
  PolygonTrimmer.cpp
  Polyline.cpp
  PresetBundle.cpp
  PresetCacheFormat.cpp
  Preset.cpp
  PrincipalComponents2D.cpp
  PublishSettings.cpp
  PrintApply.cpp
  PrintBase.cpp
  MaterialType.cpp
  PrintConfig.cpp
  Print.cpp
  PrintObject.cpp
  PrintObjectSlice.cpp
  PrintRegion.cpp
  ProjectTask.cpp
  QuadricEdgeCollapse.cpp
  Semver.cpp
  TextShape.cpp
  ShortEdgeCollapse.cpp
  ShortestPath.cpp
  Clustering.cpp
  ConcaveHull.cpp
  Hollowing.cpp
  IndexedMesh.cpp
  Pad.cpp
  SLAPrint.cpp
  SLAPrintSteps.cpp
  RasterBase.cpp
  RasterToPolygons.cpp
  Rotfinder.cpp
  SpatIndex.cpp
  SupportPointGenerator.cpp
  SupportTreeBuilder.cpp
  SupportTreeBuildsteps.cpp
  SupportTree.cpp
  SupportTreeMesher.cpp
  SlicesToTriangleMesh.cpp
  SlicingAdaptive.cpp
  Slicing.cpp
  SupportCommon.cpp
  SupportMaterial.cpp
  SupportSpotsGenerator.cpp
  TreeModelVolumes.cpp
  TreeSupport3D.cpp
  TreeSupport.cpp
  SurfaceCollection.cpp
  Surface.cpp
  Tesselate.cpp
  Thread.cpp
  Time.cpp
  Timer.cpp
  TriangleMesh.cpp
  TriangleMeshDeal.cpp
  TriangleMeshSlicer.cpp
  TriangleSelector.cpp
  TriangleSetSampling.cpp
  TriangulateWall.cpp
  utils.cpp
  VariableWidth.cpp
  Zipper.cpp
  FilamentGroup.cpp
  FilamentGroupUtils.cpp
  MultiNozzleUtils.cpp
  ToolOrderUtils.cpp
  FlushVolPredictor.cpp
  GeometryEngine.cpp
  SketchEngine.cpp
  SketchConstraints.cpp
  SketchSolver.cpp
  SketchInference.cpp
  SketchImport.cpp
  CadDocument.cpp
  ThreadStandards.cpp
  OpenVDBUtils.cpp
C:\Program Files (x86)\Microsoft Visual Studio\18\BuildTools\VC\Tools\MSVC\14.50.35717\include\xutility(6455,29): warning C4805: '==': unsafe mix of type 'const unsigned char' and type 'const _Ty' in operation [C:\Users\3ricj\.openvibely\repos\288e09695603e28b9fc187875ade9fdf\buildfs\src\libslic3r\libslic3r.vcxproj]
C:\Program Files (x86)\Microsoft Visual Studio\18\BuildTools\VC\Tools\MSVC\14.50.35717\include\xutility(6455,29): warning C4805:         with [C:\Users\3ricj\.openvibely\repos\288e09695603e28b9fc187875ade9fdf\buildfs\src\libslic3r\libslic3r.vcxproj]
C:\Program Files (x86)\Microsoft Visual Studio\18\BuildTools\VC\Tools\MSVC\14.50.35717\include\xutility(6455,29): warning C4805:         [ [C:\Users\3ricj\.openvibely\repos\288e09695603e28b9fc187875ade9fdf\buildfs\src\libslic3r\libslic3r.vcxproj]
C:\Program Files (x86)\Microsoft Visual Studio\18\BuildTools\VC\Tools\MSVC\14.50.35717\include\xutility(6455,29): warning C4805:             _Ty=bool [C:\Users\3ricj\.openvibely\repos\288e09695603e28b9fc187875ade9fdf\buildfs\src\libslic3r\libslic3r.vcxproj]
C:\Program Files (x86)\Microsoft Visual Studio\18\BuildTools\VC\Tools\MSVC\14.50.35717\include\xutility(6455,29): warning C4805:         ] [C:\Users\3ricj\.openvibely\repos\288e09695603e28b9fc187875ade9fdf\buildfs\src\libslic3r\libslic3r.vcxproj]
  (compiling source file '../../../src/libslic3r/PresetBundle.cpp')
      C:\Program Files (x86)\Microsoft Visual Studio\18\BuildTools\VC\Tools\MSVC\14.50.35717\include\xutility(6455,29):
      the template instantiation context (the oldest one first) is
          C:\Users\3ricj\.openvibely\repos\288e09695603e28b9fc187875ade9fdf\src\libslic3r\PresetBundle.cpp(3582,45):
          see reference to function template instantiation '__int64 std::count<std::_Vector_const_iterator<std::_Vector_val<std::_Simple_types<_Ty>>>,bool>(const _InIt,const _InIt,const bool &)' being compiled
          with
          [
              _Ty=unsigned char,
              _InIt=std::_Vector_const_iterator<std::_Vector_val<std::_Simple_types<unsigned char>>>
          ]
  
cl : command line  warning D9025: overriding '/W1' with '/w' [C:\Users\3ricj\.openvibely\repos\288e09695603e28b9fc187875ade9fdf\buildfs\src\libslic3r\libslic3r.vcxproj]
  Circle.cpp
cl : command line  warning D9025: overriding '/W1' with '/w' [C:\Users\3ricj\.openvibely\repos\288e09695603e28b9fc187875ade9fdf\buildfs\src\libslic3r\libslic3r.vcxproj]
  Layer.cpp
cl : command line  warning D9025: overriding '/W1' with '/w' [C:\Users\3ricj\.openvibely\repos\288e09695603e28b9fc187875ade9fdf\buildfs\src\libslic3r\libslic3r.vcxproj]
  svg.cpp
cl : command line  warning D9025: overriding '/W1' with '/w' [C:\Users\3ricj\.openvibely\repos\288e09695603e28b9fc187875ade9fdf\buildfs\src\libslic3r\libslic3r.vcxproj]
  Circle.cpp
cl : command line  warning D9025: overriding '/W1' with '/w' [C:\Users\3ricj\.openvibely\repos\288e09695603e28b9fc187875ade9fdf\buildfs\src\libslic3r\libslic3r.vcxproj]
  Layer.cpp
cl : command line  warning D9025: overriding '/W1' with '/w' [C:\Users\3ricj\.openvibely\repos\288e09695603e28b9fc187875ade9fdf\buildfs\src\libslic3r\libslic3r.vcxproj]
  SVG.cpp
  libslic3r.vcxproj -> C:\Users\3ricj\.openvibely\repos\288e09695603e28b9fc187875ade9fdf\buildfs\src\libslic3r\Release\libslic3r.lib
  Building Custom Rule C:/Users/3ricj/.openvibely/repos/288e09695603e28b9fc187875ade9fdf/deps_src/libnest2d/CMakeLists.txt
  libnest2d.cpp
  libnest2d.vcxproj -> C:\Users\3ricj\.openvibely\repos\288e09695603e28b9fc187875ade9fdf\buildfs\deps_src\libnest2d\Release\libnest2d.lib
  Building Custom Rule C:/Users/3ricj/.openvibely/repos/288e09695603e28b9fc187875ade9fdf/tests/libslic3r/CMakeLists.txt
cl : command line  warning D9025: overriding '/W1' with '/w' [C:\Users\3ricj\.openvibely\repos\288e09695603e28b9fc187875ade9fdf\buildfs\tests\libslic3r\libslic3r_tests.vcxproj]
cl : command line  warning D9025: overriding '/W1' with '/w' [C:\Users\3ricj\.openvibely\repos\288e09695603e28b9fc187875ade9fdf\buildfs\tests\libslic3r\libslic3r_tests.vcxproj]
  libslic3r_tests.cpp
cl : command line  warning D9025: overriding '/W1' with '/w' [C:\Users\3ricj\.openvibely\repos\288e09695603e28b9fc187875ade9fdf\buildfs\tests\libslic3r\libslic3r_tests.vcxproj]
cl : command line  warning D9025: overriding '/W1' with '/w' [C:\Users\3ricj\.openvibely\repos\288e09695603e28b9fc187875ade9fdf\buildfs\tests\libslic3r\libslic3r_tests.vcxproj]
cl : command line  warning D9025: overriding '/W1' with '/w' [C:\Users\3ricj\.openvibely\repos\288e09695603e28b9fc187875ade9fdf\buildfs\tests\libslic3r\libslic3r_tests.vcxproj]
cl : command line  warning D9025: overriding '/W1' with '/w' [C:\Users\3ricj\.openvibely\repos\288e09695603e28b9fc187875ade9fdf\buildfs\tests\libslic3r\libslic3r_tests.vcxproj]
  test_3mf.cpp
  test_precise_seam_3mf.cpp
  test_aabbindirect.cpp
  test_appconfig.cpp
cl : command line  warning D9025: overriding '/W1' with '/w' [C:\Users\3ricj\.openvibely\repos\288e09695603e28b9fc187875ade9fdf\buildfs\tests\libslic3r\libslic3r_tests.vcxproj]
cl : command line  warning D9025: overriding '/W1' with '/w' [C:\Users\3ricj\.openvibely\repos\288e09695603e28b9fc187875ade9fdf\buildfs\tests\libslic3r\libslic3r_tests.vcxproj]
cl : command line  warning D9025: overriding '/W1' with '/w' [C:\Users\3ricj\.openvibely\repos\288e09695603e28b9fc187875ade9fdf\buildfs\tests\libslic3r\libslic3r_tests.vcxproj]
cl : command line  warning D9025: overriding '/W1' with '/w' [C:\Users\3ricj\.openvibely\repos\288e09695603e28b9fc187875ade9fdf\buildfs\tests\libslic3r\libslic3r_tests.vcxproj]
cl : command line  warning D9025: overriding '/W1' with '/w' [C:\Users\3ricj\.openvibely\repos\288e09695603e28b9fc187875ade9fdf\buildfs\tests\libslic3r\libslic3r_tests.vcxproj]
cl : command line  warning D9025: overriding '/W1' with '/w' [C:\Users\3ricj\.openvibely\repos\288e09695603e28b9fc187875ade9fdf\buildfs\tests\libslic3r\libslic3r_tests.vcxproj]
cl : command line  warning D9025: overriding '/W1' with '/w' [C:\Users\3ricj\.openvibely\repos\288e09695603e28b9fc187875ade9fdf\buildfs\tests\libslic3r\libslic3r_tests.vcxproj]
cl : command line  warning D9025: overriding '/W1' with '/w' [C:\Users\3ricj\.openvibely\repos\288e09695603e28b9fc187875ade9fdf\buildfs\tests\libslic3r\libslic3r_tests.vcxproj]
cl : command line  warning D9025: overriding '/W1' with '/w' [C:\Users\3ricj\.openvibely\repos\288e09695603e28b9fc187875ade9fdf\buildfs\tests\libslic3r\libslic3r_tests.vcxproj]
  test_arachne_walls.cpp
  test_arrange.cpp
  test_bambu_networking.cpp
  test_buildvolume.cpp
  test_calib.cpp
cl : command line  warning D9025: overriding '/W1' with '/w' [C:\Users\3ricj\.openvibely\repos\288e09695603e28b9fc187875ade9fdf\buildfs\tests\libslic3r\libslic3r_tests.vcxproj]
  test_clipper_offset.cpp
cl : command line  warning D9025: overriding '/W1' with '/w' [C:\Users\3ricj\.openvibely\repos\288e09695603e28b9fc187875ade9fdf\buildfs\tests\libslic3r\libslic3r_tests.vcxproj]
  test_clipper_utils.cpp
cl : command line  warning D9025: overriding '/W1' with '/w' [C:\Users\3ricj\.openvibely\repos\288e09695603e28b9fc187875ade9fdf\buildfs\tests\libslic3r\libslic3r_tests.vcxproj]
  test_config.cpp
  test_config_variant_expansion.cpp
cl : command line  warning D9025: overriding '/W1' with '/w' [C:\Users\3ricj\.openvibely\repos\288e09695603e28b9fc187875ade9fdf\buildfs\tests\libslic3r\libslic3r_tests.vcxproj]
cl : command line  warning D9025: overriding '/W1' with '/w' [C:\Users\3ricj\.openvibely\repos\288e09695603e28b9fc187875ade9fdf\buildfs\tests\libslic3r\libslic3r_tests.vcxproj]
cl : command line  warning D9025: overriding '/W1' with '/w' [C:\Users\3ricj\.openvibely\repos\288e09695603e28b9fc187875ade9fdf\buildfs\tests\libslic3r\libslic3r_tests.vcxproj]
cl : command line  warning D9025: overriding '/W1' with '/w' [C:\Users\3ricj\.openvibely\repos\288e09695603e28b9fc187875ade9fdf\buildfs\tests\libslic3r\libslic3r_tests.vcxproj]
cl : command line  warning D9025: overriding '/W1' with '/w' [C:\Users\3ricj\.openvibely\repos\288e09695603e28b9fc187875ade9fdf\buildfs\tests\libslic3r\libslic3r_tests.vcxproj]
cl : command line  warning D9025: overriding '/W1' with '/w' [C:\Users\3ricj\.openvibely\repos\288e09695603e28b9fc187875ade9fdf\buildfs\tests\libslic3r\libslic3r_tests.vcxproj]
cl : command line  warning D9025: overriding '/W1' with '/w' [C:\Users\3ricj\.openvibely\repos\288e09695603e28b9fc187875ade9fdf\buildfs\tests\libslic3r\libslic3r_tests.vcxproj]
cl : command line  warning D9025: overriding '/W1' with '/w' [C:\Users\3ricj\.openvibely\repos\288e09695603e28b9fc187875ade9fdf\buildfs\tests\libslic3r\libslic3r_tests.vcxproj]
cl : command line  warning D9025: overriding '/W1' with '/w' [C:\Users\3ricj\.openvibely\repos\288e09695603e28b9fc187875ade9fdf\buildfs\tests\libslic3r\libslic3r_tests.vcxproj]
cl : command line  warning D9025: overriding '/W1' with '/w' [C:\Users\3ricj\.openvibely\repos\288e09695603e28b9fc187875ade9fdf\buildfs\tests\libslic3r\libslic3r_tests.vcxproj]
cl : command line  warning D9025: overriding '/W1' with '/w' [C:\Users\3ricj\.openvibely\repos\288e09695603e28b9fc187875ade9fdf\buildfs\tests\libslic3r\libslic3r_tests.vcxproj]
cl : command line  warning D9025: overriding '/W1' with '/w' [C:\Users\3ricj\.openvibely\repos\288e09695603e28b9fc187875ade9fdf\buildfs\tests\libslic3r\libslic3r_tests.vcxproj]
  test_drc.cpp
  test_toolordering_nozzle_group.cpp
  test_preset_bundle_loading.cpp
cl : command line  warning D9025: overriding '/W1' with '/w' [C:\Users\3ricj\.openvibely\repos\288e09695603e28b9fc187875ade9fdf\buildfs\tests\libslic3r\libslic3r_tests.vcxproj]
cl : command line  warning D9025: overriding '/W1' with '/w' [C:\Users\3ricj\.openvibely\repos\288e09695603e28b9fc187875ade9fdf\buildfs\tests\libslic3r\libslic3r_tests.vcxproj]
cl : command line  warning D9025: overriding '/W1' with '/w' [C:\Users\3ricj\.openvibely\repos\288e09695603e28b9fc187875ade9fdf\buildfs\tests\libslic3r\libslic3r_tests.vcxproj]
cl : command line  warning D9025: overriding '/W1' with '/w' [C:\Users\3ricj\.openvibely\repos\288e09695603e28b9fc187875ade9fdf\buildfs\tests\libslic3r\libslic3r_tests.vcxproj]
cl : command line  warning D9025: overriding '/W1' with '/w' [C:\Users\3ricj\.openvibely\repos\288e09695603e28b9fc187875ade9fdf\buildfs\tests\libslic3r\libslic3r_tests.vcxproj]
  test_preset_setting_id.cpp
cl : command line  warning D9025: overriding '/W1' with '/w' [C:\Users\3ricj\.openvibely\repos\288e09695603e28b9fc187875ade9fdf\buildfs\tests\libslic3r\libslic3r_tests.vcxproj]
cl : command line  warning D9025: overriding '/W1' with '/w' [C:\Users\3ricj\.openvibely\repos\288e09695603e28b9fc187875ade9fdf\buildfs\tests\libslic3r\libslic3r_tests.vcxproj]
cl : command line  warning D9025: overriding '/W1' with '/w' [C:\Users\3ricj\.openvibely\repos\288e09695603e28b9fc187875ade9fdf\buildfs\tests\libslic3r\libslic3r_tests.vcxproj]
  test_preset_diff.cpp
  test_vendor_cache.cpp
cl : command line  warning D9025: overriding '/W1' with '/w' [C:\Users\3ricj\.openvibely\repos\288e09695603e28b9fc187875ade9fdf\buildfs\tests\libslic3r\libslic3r_tests.vcxproj]
  test_preset_options.cpp
  test_elephant_foot_compensation.cpp
  test_fill_corner_smoothing.cpp
  test_filament_mixer.cpp
  test_fill_plane_path.cpp
  test_geometry.cpp
cl : command line  warning D9025: overriding '/W1' with '/w' [C:\Users\3ricj\.openvibely\repos\288e09695603e28b9fc187875ade9fdf\buildfs\tests\libslic3r\libslic3r_tests.vcxproj]
  test_multimaterial_segmentation.cpp
cl : command line  warning D9025: overriding '/W1' with '/w' [C:\Users\3ricj\.openvibely\repos\288e09695603e28b9fc187875ade9fdf\buildfs\tests\libslic3r\libslic3r_tests.vcxproj]
  test_placeholder_parser.cpp
cl : command line  warning D9025: overriding '/W1' with '/w' [C:\Users\3ricj\.openvibely\repos\288e09695603e28b9fc187875ade9fdf\buildfs\tests\libslic3r\libslic3r_tests.vcxproj]
  test_polygon.cpp
cl : command line  warning D9025: overriding '/W1' with '/w' [C:\Users\3ricj\.openvibely\repos\288e09695603e28b9fc187875ade9fdf\buildfs\tests\libslic3r\libslic3r_tests.vcxproj]
cl : command line  warning D9025: overriding '/W1' with '/w' [C:\Users\3ricj\.openvibely\repos\288e09695603e28b9fc187875ade9fdf\buildfs\tests\libslic3r\libslic3r_tests.vcxproj]
cl : command line  warning D9025: overriding '/W1' with '/w' [C:\Users\3ricj\.openvibely\repos\288e09695603e28b9fc187875ade9fdf\buildfs\tests\libslic3r\libslic3r_tests.vcxproj]
cl : command line  warning D9025: overriding '/W1' with '/w' [C:\Users\3ricj\.openvibely\repos\288e09695603e28b9fc187875ade9fdf\buildfs\tests\libslic3r\libslic3r_tests.vcxproj]
cl : command line  warning D9025: overriding '/W1' with '/w' [C:\Users\3ricj\.openvibely\repos\288e09695603e28b9fc187875ade9fdf\buildfs\tests\libslic3r\libslic3r_tests.vcxproj]
cl : command line  warning D9025: overriding '/W1' with '/w' [C:\Users\3ricj\.openvibely\repos\288e09695603e28b9fc187875ade9fdf\buildfs\tests\libslic3r\libslic3r_tests.vcxproj]
cl : command line  warning D9025: overriding '/W1' with '/w' [C:\Users\3ricj\.openvibely\repos\288e09695603e28b9fc187875ade9fdf\buildfs\tests\libslic3r\libslic3r_tests.vcxproj]
cl : command line  warning D9025: overriding '/W1' with '/w' [C:\Users\3ricj\.openvibely\repos\288e09695603e28b9fc187875ade9fdf\buildfs\tests\libslic3r\libslic3r_tests.vcxproj]
cl : command line  warning D9025: overriding '/W1' with '/w' [C:\Users\3ricj\.openvibely\repos\288e09695603e28b9fc187875ade9fdf\buildfs\tests\libslic3r\libslic3r_tests.vcxproj]
  test_mutable_polygon.cpp
cl : command line  warning D9025: overriding '/W1' with '/w' [C:\Users\3ricj\.openvibely\repos\288e09695603e28b9fc187875ade9fdf\buildfs\tests\libslic3r\libslic3r_tests.vcxproj]
cl : command line  warning D9025: overriding '/W1' with '/w' [C:\Users\3ricj\.openvibely\repos\288e09695603e28b9fc187875ade9fdf\buildfs\tests\libslic3r\libslic3r_tests.vcxproj]
  test_mutable_priority_queue.cpp
  test_minimum_spanning_tree.cpp
  test_nozzle_volume_type.cpp
cl : command line  warning D9025: overriding '/W1' with '/w' [C:\Users\3ricj\.openvibely\repos\288e09695603e28b9fc187875ade9fdf\buildfs\tests\libslic3r\libslic3r_tests.vcxproj]
  test_obj.cpp
cl : command line  warning D9025: overriding '/W1' with '/w' [C:\Users\3ricj\.openvibely\repos\288e09695603e28b9fc187875ade9fdf\buildfs\tests\libslic3r\libslic3r_tests.vcxproj]
cl : command line  warning D9025: overriding '/W1' with '/w' [C:\Users\3ricj\.openvibely\repos\288e09695603e28b9fc187875ade9fdf\buildfs\tests\libslic3r\libslic3r_tests.vcxproj]
cl : command line  warning D9025: overriding '/W1' with '/w' [C:\Users\3ricj\.openvibely\repos\288e09695603e28b9fc187875ade9fdf\buildfs\tests\libslic3r\libslic3r_tests.vcxproj]
cl : command line  warning D9025: overriding '/W1' with '/w' [C:\Users\3ricj\.openvibely\repos\288e09695603e28b9fc187875ade9fdf\buildfs\tests\libslic3r\libslic3r_tests.vcxproj]
  test_step.cpp
  test_stl.cpp
cl : command line  warning D9025: overriding '/W1' with '/w' [C:\Users\3ricj\.openvibely\repos\288e09695603e28b9fc187875ade9fdf\buildfs\tests\libslic3r\libslic3r_tests.vcxproj]
cl : command line  warning D9025: overriding '/W1' with '/w' [C:\Users\3ricj\.openvibely\repos\288e09695603e28b9fc187875ade9fdf\buildfs\tests\libslic3r\libslic3r_tests.vcxproj]
  test_triangle_selector.cpp
cl : command line  warning D9025: overriding '/W1' with '/w' [C:\Users\3ricj\.openvibely\repos\288e09695603e28b9fc187875ade9fdf\buildfs\tests\libslic3r\libslic3r_tests.vcxproj]
cl : command line  warning D9025: overriding '/W1' with '/w' [C:\Users\3ricj\.openvibely\repos\288e09695603e28b9fc187875ade9fdf\buildfs\tests\libslic3r\libslic3r_tests.vcxproj]
cl : command line  warning D9025: overriding '/W1' with '/w' [C:\Users\3ricj\.openvibely\repos\288e09695603e28b9fc187875ade9fdf\buildfs\tests\libslic3r\libslic3r_tests.vcxproj]
cl : command line  warning D9025: overriding '/W1' with '/w' [C:\Users\3ricj\.openvibely\repos\288e09695603e28b9fc187875ade9fdf\buildfs\tests\libslic3r\libslic3r_tests.vcxproj]
cl : command line  warning D9025: overriding '/W1' with '/w' [C:\Users\3ricj\.openvibely\repos\288e09695603e28b9fc187875ade9fdf\buildfs\tests\libslic3r\libslic3r_tests.vcxproj]
  test_meshboolean.cpp
  test_marchingsquares.cpp
  test_lay_on_face.cpp
  test_model.cpp
  test_fiber_run.cpp
  test_fiber_strand.cpp
  test_fiber_strand_planner.cpp
  test_fiber_mode_plan.cpp
  test_fiber_3mf_roundtrip.cpp
  test_fiber_reserve.cpp
  test_fiber_toolchange.cpp
  test_utils.cpp
  test_miniz_extension.cpp
  test_timeutils.cpp
  test_voronoi.cpp
  test_wipe_tower_estimate.cpp
  test_wipe_tower.cpp
  test_wipe_path.cpp
  test_optimizers.cpp
  test_ordering_strategies.cpp
  test_indexed_triangle_set.cpp
  printer_parts.cpp
  test_caddocument.cpp
  test_sketchconstraints.cpp
  test_sketchedit.cpp
  test_sketchprofile.cpp
  test_sketchimport.cpp
  test_sketchinference.cpp
  test_slvs_constraints.cpp
  test_hollowing.cpp
     Creating library C:/Users/3ricj/.openvibely/repos/288e09695603e28b9fc187875ade9fdf/buildfs/tests/libslic3r/Release/libslic3r_tests.lib and object C:/Users/3ricj/.openvibely/repos/288e09695603e28b9fc187875ade9fdf/buildfs/tests/libslic3r/Release/libslic3r_tests.exp
LINK : warning LNK4098: defaultlib 'LIBCMT' conflicts with use of other libs; use /NODEFAULTLIB:library [C:\Users\3ricj\.openvibely\repos\288e09695603e28b9fc187875ade9fdf\buildfs\tests\libslic3r\libslic3r_tests.vcxproj]
  LINK : /LTCG specified but no code generation required; remove /LTCG from the link command line to improve linker performance
  libslic3r_tests.vcxproj -> C:\Users\3ricj\.openvibely\repos\288e09695603e28b9fc187875ade9fdf\buildfs\tests\libslic3r\Release\libslic3r_tests.exe
'--' is not recognized as an internal or external command,
operable program or batch file.
BUILD_RC=9009
