-- Selecting Windows SDK version 10.0.26100.0 to target Windows 10.0.26200.
-- The C compiler identification is MSVC 19.50.35728.0
-- The CXX compiler identification is MSVC 19.50.35728.0
-- Detecting C compiler ABI info
-- Detecting C compiler ABI info - done
-- Check for working C compiler: C:/Program Files (x86)/Microsoft Visual Studio/18/BuildTools/VC/Tools/MSVC/14.50.35717/bin/Hostx64/x64/cl.exe - skipped
-- Detecting C compile features
-- Detecting C compile features - done
-- Detecting CXX compiler ABI info
-- Detecting CXX compiler ABI info - done
-- Check for working CXX compiler: C:/Program Files (x86)/Microsoft Visual Studio/18/BuildTools/VC/Tools/MSVC/14.50.35717/bin/Hostx64/x64/cl.exe - skipped
-- Detecting CXX compile features
-- Detecting CXX compile features - done
-- Downloading uv 0.11.21 from https://github.com/astral-sh/uv/releases/download/0.11.21/uv-x86_64-pc-windows-msvc.zip ...
-- Extracting uv ...
-- SLIC3R_ASAN: OFF
-- SLIC3R_BUILD_SANDBOXES: OFF
-- SLIC3R_BUNDLED_WARNINGS: OFF
-- SLIC3R_CAD: ON
-- SLIC3R_DESKTOP_INTEGRATION: ON
-- SLIC3R_ENC_CHECK: OFF
-- SLIC3R_FHS: OFF
-- SLIC3R_GTK: 3
-- SLIC3R_GUI: ON
-- SLIC3R_MSVC_COMPILE_PARALLEL: ON
-- SLIC3R_MSVC_PDB: ON
-- SLIC3R_PCH: ON
-- SLIC3R_PROFILE: OFF
-- SLIC3R_RELATIVE_DEBUG_PATHS: OFF
-- SLIC3R_STATIC: ON
-- SLIC3R_WARNINGS: OFF
-- Automatically setting CMAKE_INSTALL_PREFIX
-- CMAKE_INSTALL_PREFIX: C:/Users/3ricj/.openvibely/repos/288e09695603e28b9fc187875ade9fdf/buildctrl/OrcaSlicer
-- DEP_BUILD_DIR: C:/Users/3ricj/.openvibely/repos/288e09695603e28b9fc187875ade9fdf/ctrl1220/deps/buildctrl (generated automatically and saved to cache)
-- CMAKE_PREFIX_PATH: C:/Users/3ricj/Documents/GitHub/OrcaSlicer/deps/build/OrcaSlicer_dep/usr/local (from cache or command line)
-- PROJECT_SOURCE_DIR: C:/Users/3ricj/.openvibely/repos/288e09695603e28b9fc187875ade9fdf/ctrl1220
-- CMAKE_MODULE_PATH: C:/Users/3ricj/.openvibely/repos/288e09695603e28b9fc187875ade9fdf/ctrl1220/cmake/modules/
-- LIBDIR: C:/Users/3ricj/.openvibely/repos/288e09695603e28b9fc187875ade9fdf/ctrl1220/src
-- LIBDIR_BIN: C:/Users/3ricj/.openvibely/repos/288e09695603e28b9fc187875ade9fdf/buildctrl/src
-- Performing Test CMAKE_HAVE_LIBC_PTHREAD
-- Performing Test CMAKE_HAVE_LIBC_PTHREAD - Failed
-- Looking for pthread_create in pthreads
-- Looking for pthread_create in pthreads - not found
-- Looking for pthread_create in pthread
-- Looking for pthread_create in pthread - not found
-- Found Threads: TRUE
-- TBB found in C:/Users/3ricj/Documents/GitHub/OrcaSlicer/deps/build/OrcaSlicer_dep/usr/local/lib/cmake/TBB
-- Found OpenSSL: C:/Users/3ricj/Documents/GitHub/OrcaSlicer/deps/build/OrcaSlicer_dep/usr/local/lib/libcrypto.lib (found version "1.1.1w")
-- Found CURL: C:/Users/3ricj/Documents/GitHub/OrcaSlicer/deps/build/OrcaSlicer_dep/usr/local/lib/libcurl.lib (found version "7.75.0-DEV") 
-- Found Freetype: C:/Users/3ricj/Documents/GitHub/OrcaSlicer/deps/build/OrcaSlicer_dep/usr/local/lib/freetype.lib (found version "2.12.1")
-- Found ZLIB: C:/Users/3ricj/Documents/GitHub/OrcaSlicer/deps/build/OrcaSlicer_dep/usr/local/lib/zlib.lib (found version "1.2.13")
-- Found EXPAT: C:/Users/3ricj/Documents/GitHub/OrcaSlicer/deps/build/OrcaSlicer_dep/usr/local/lib/expat.lib (found version "2.5.0")
-- Found PNG: C:/Users/3ricj/Documents/GitHub/OrcaSlicer/deps/build/OrcaSlicer_dep/usr/local/lib/libpng16_static.lib (found version "1.6.35")
-- Found OpenGL: opengl32
-- Found NLopt: C:/Users/3ricj/Documents/GitHub/OrcaSlicer/deps/build/OrcaSlicer_dep/usr/local/lib/cmake/nlopt/NLoptConfig.cmake (found suitable version "2.5.0", minimum required is "1.4")
-- Found NLopt in 'C:/Users/3ricj/Documents/GitHub/OrcaSlicer/deps/build/OrcaSlicer_dep/usr/local/lib'.
-- Using NLopt include directory 'C:/Users/3ricj/Documents/GitHub/OrcaSlicer/deps/build/OrcaSlicer_dep/usr/local/include'.
-- Found NLopt RELEASE library: C:/Users/3ricj/Documents/GitHub/OrcaSlicer/deps/build/OrcaSlicer_dep/usr/local/lib/nlopt.lib
-- Found Python3: C:/Users/3ricj/Documents/GitHub/OrcaSlicer/deps/build/OrcaSlicer_dep/usr/local/libpython/python.exe (found suitable exact version "3.12.13") found components: Interpreter Development.Embed
-- Could NOT find PkgConfig (missing: PKG_CONFIG_EXECUTABLE) 
-- Found OpenVDB: C:/Users/3ricj/Documents/GitHub/OrcaSlicer/deps/build/OrcaSlicer_dep/usr/local/include (found suitable version "8.2.0", minimum required is "5.0") found components: openvdb
-- OpenVDB ABI Version: 8
-- TBB found in C:/Users/3ricj/Documents/GitHub/OrcaSlicer/deps/build/OrcaSlicer_dep/usr/local/lib/cmake/TBB
-- Performing Test LLVM_HAS_ATOMICS
-- Performing Test LLVM_HAS_ATOMICS - Success
-- OpenVDB libraries: C:/Users/3ricj/Documents/GitHub/OrcaSlicer/deps/build/OrcaSlicer_dep/usr/local/lib/libopenvdb.lib
-- SPNAV library NOT found, Spacenavd not supported
-- IGL NOT found, using bundled version...
-- [MCUT] version: 1.2.0
-- [MCUT] MCUT_INCLUDE_DIR=C:/Users/3ricj/.openvibely/repos/288e09695603e28b9fc187875ade9fdf/ctrl1220/deps_src/mcut/include
-- [MCUT] compilation_flags=/W4;/wd26812;/wd4131;/wd4704;/wd4245;/wd4297;/wd4505;/wd4701;/bigobj
-- [MCUT] preprocessor_defs=-DMCUT_WITH_COMPUTE_HELPER_THREADPOOL=1;-D_CRT_SECURE_NO_WARNINGS
-- [MCUT] extra_libs=Threads::Threads
-- [MCUT] create target: name=mcut type=STATIC
-- [MCUT] MCUT_LIB_PATH=$<TARGET_FILE:mcut>
-- Minilzo using bundled version...
-- qhull Version: 7.2.0 (static linking)
-- Found libnoise: TRUE
-- Found libnoise include directory: C:/Users/3ricj/Documents/GitHub/OrcaSlicer/deps/build/OrcaSlicer_dep/usr/local/include
-- Found libnoise RELEASE library: C:/Users/3ricj/Documents/GitHub/OrcaSlicer/deps/build/OrcaSlicer_dep/usr/local/lib/libnoise_static.lib
-- Visual Leak Detector (VLD) is not found.
-- Using header-only CGAL
-- Targeting Visual Studio 18 2026
-- Target build environment supports auto-linking
-- Using VC toolset 145.
-- Generator uses intermediate configuration directory: $(Configuration)
-- Found GMP: debug;C:/Users/3ricj/Documents/GitHub/OrcaSlicer/deps/build/OrcaSlicer_dep/usr/local/lib/libgmp-10.lib;optimized;C:/Users/3ricj/Documents/GitHub/OrcaSlicer/deps/build/OrcaSlicer_dep/usr/local/lib/libgmp-10.lib
-- Found MPFR: C:/Users/3ricj/Documents/GitHub/OrcaSlicer/deps/build/OrcaSlicer_dep/usr/local/lib/libmpfr-4.lib
-- Boost include dirs: C:/Users/3ricj/Documents/GitHub/OrcaSlicer/deps/build/OrcaSlicer_dep/usr/local/include/boost-1_84
-- Boost libraries:    
-- OpenCV ARCH: x64
-- OpenCV RUNTIME: vc18
-- OpenCV STATIC: ON
-- Found OpenCV: C:/Users/3ricj/Documents/GitHub/OrcaSlicer/deps/build/OrcaSlicer_dep/usr/local (found version "4.6.0") found components: core
-- Found OpenCV 4.6.0 in C:/Users/3ricj/Documents/GitHub/OrcaSlicer/deps/build/OrcaSlicer_dep/usr/local/x64/vc18/staticlib
-- Found JPEG: C:/Users/3ricj/Documents/GitHub/OrcaSlicer/deps/build/OrcaSlicer_dep/usr/local/lib/jpeg-static.lib (found version "62")
-- Adding precompiled header pchheader.hpp to target libslic3r.
-- WXWIN environment set to: 
-- wx libs: wx::base;wx::net;wx::core;wx::adv;wx::aui;wx::html;wx::propgrid;wx::webview;wx::media;wx::gl;C:/Users/3ricj/Documents/GitHub/OrcaSlicer/deps/build/OrcaSlicer_dep/usr/local/lib/libpng16_static.lib;C:/Users/3ricj/Documents/GitHub/OrcaSlicer/deps/build/OrcaSlicer_dep/usr/local/lib/zlib.lib;C:/Users/3ricj/Documents/GitHub/OrcaSlicer/deps/build/OrcaSlicer_dep/usr/local/lib/jpeg-static.lib;C:/Users/3ricj/Documents/GitHub/OrcaSlicer/deps/build/OrcaSlicer_dep/usr/local/lib/expat.lib;wxInspector::wxInspector
-- Adding precompiled header pchheader.hpp to target libslic3r_gui.
set out_dir to CMAKE_CURRENT_BINARY_DIR/config: C:/Users/3ricj/.openvibely/repos/288e09695603e28b9fc187875ade9fdf/buildctrl/src/Debug
set out_dir to CMAKE_CURRENT_BINARY_DIR/config: C:/Users/3ricj/.openvibely/repos/288e09695603e28b9fc187875ade9fdf/buildctrl/src/Release
set out_dir to CMAKE_CURRENT_BINARY_DIR/config: C:/Users/3ricj/.openvibely/repos/288e09695603e28b9fc187875ade9fdf/buildctrl/src/MinSizeRel
set out_dir to CMAKE_CURRENT_BINARY_DIR/config: C:/Users/3ricj/.openvibely/repos/288e09695603e28b9fc187875ade9fdf/buildctrl/src/RelWithDebInfo
-- libslic3r-CMAKE_BUILD_TYPE: Release
-- CMAKE_CURRENT_BINARY_DIR: C:/Users/3ricj/.openvibely/repos/288e09695603e28b9fc187875ade9fdf/buildctrl/src
-- Configuring done (12.4s)
-- Generating done (3.7s)
-- Build files have been written to: C:/Users/3ricj/.openvibely/repos/288e09695603e28b9fc187875ade9fdf/buildctrl
CFG_RC=0
